src/components/EvaluationModal.tsx(4,1): error TS6133: 'CompetencyQuestion' is declared but its value is never read.
src/components/PeerSelection.tsx(3,10): error TS6133: 'Users' is declared but its value is never read.
src/components/PeerSelection.tsx(3,25): error TS6133: 'Plus' is declared but its value is never read.
src/components/PeerSelection.tsx(3,31): error TS6133: 'Trash2' is declared but its value is never read.
src/components/PeerSelection.tsx(3,39): error TS6133: 'Send' is declared but its value is never read.
src/components/PeerSelection.tsx(10,61): error TS6133: 'cycleId' is declared but its value is never read.
src/pages/admin/CreateCycle.tsx(8,18): error TS6133: 'kpis' is declared but its value is never read.
src/pages/employee/EmployeeDashboard.tsx(3,78): error TS6133: 'Activity' is declared but its value is never read.
