src/pages/admin/CreateCycle.tsx(7,3): error TS6133: 'AlertCircle' is declared but its value is never read.
src/pages/admin/CreateCycle.tsx(13,3): error TS6133: 'Settings' is declared but its value is never read.
